[debug] [2026-03-07T19:08:05.525Z] ----------------------------------------------------------------------
[debug] [2026-03-07T19:08:05.532Z] Command:       /Users/rambodrad/.nvm/versions/node/v20.19.5/bin/node /Users/rambodrad/.nvm/versions/node/v20.19.5/bin/firebase functions:log --only createInternalUser
[debug] [2026-03-07T19:08:05.532Z] CLI Version:   14.15.2
[debug] [2026-03-07T19:08:05.533Z] Platform:      darwin
[debug] [2026-03-07T19:08:05.533Z] Node Version:  v20.19.5
[debug] [2026-03-07T19:08:05.533Z] Time:          Sat Mar 07 2026 12:08:05 GMT-0700 (Mountain Standard Time)
[debug] [2026-03-07T19:08:05.533Z] ----------------------------------------------------------------------
[debug] 
[debug] [2026-03-07T19:08:05.632Z] > command requires scopes: ["email","openid","https://www.googleapis.com/auth/cloudplatformprojects.readonly","https://www.googleapis.com/auth/firebase","https://www.googleapis.com/auth/cloud-platform"]
[debug] [2026-03-07T19:08:05.633Z] > authorizing via signed-in user (admin@showmaster.ca)
[debug] [2026-03-07T19:08:05.633Z] [iam] checking project showmaster1-f1a9f for permissions ["firebase.projects.get","logging.logEntries.list","logging.logs.list"]
[debug] [2026-03-07T19:08:05.636Z] Checked if tokens are valid: true, expires at: 1772913509058
[debug] [2026-03-07T19:08:05.636Z] Checked if tokens are valid: true, expires at: 1772913509058
[debug] [2026-03-07T19:08:05.636Z] >>> [apiv2][query] POST https://cloudresourcemanager.googleapis.com/v1/projects/showmaster1-f1a9f:testIamPermissions [none]
[debug] [2026-03-07T19:08:05.637Z] >>> [apiv2][(partial)header] POST https://cloudresourcemanager.googleapis.com/v1/projects/showmaster1-f1a9f:testIamPermissions x-goog-quota-user=projects/showmaster1-f1a9f
[debug] [2026-03-07T19:08:05.637Z] >>> [apiv2][body] POST https://cloudresourcemanager.googleapis.com/v1/projects/showmaster1-f1a9f:testIamPermissions {"permissions":["firebase.projects.get","logging.logEntries.list","logging.logs.list"]}
[debug] [2026-03-07T19:08:05.844Z] <<< [apiv2][status] POST https://cloudresourcemanager.googleapis.com/v1/projects/showmaster1-f1a9f:testIamPermissions 200
[debug] [2026-03-07T19:08:05.844Z] <<< [apiv2][body] POST https://cloudresourcemanager.googleapis.com/v1/projects/showmaster1-f1a9f:testIamPermissions {"permissions":["firebase.projects.get","logging.logEntries.list","logging.logs.list"]}
[debug] [2026-03-07T19:08:05.844Z] Checked if tokens are valid: true, expires at: 1772913509058
[debug] [2026-03-07T19:08:05.844Z] Checked if tokens are valid: true, expires at: 1772913509058
[debug] [2026-03-07T19:08:05.845Z] >>> [apiv2][query] POST https://logging.googleapis.com/v2/entries:list [none]
[debug] [2026-03-07T19:08:05.845Z] >>> [apiv2][body] POST https://logging.googleapis.com/v2/entries:list {"resourceNames":["projects/showmaster1-f1a9f"],"filter":"resource.type=\"cloud_function\" OR (resource.type=\"cloud_run_revision\" AND labels.\"goog-managed-by\"=\"cloudfunctions\")\n(resource.labels.function_name=\"createInternalUser\" OR resource.labels.service_name=\"createInternalUser\")","orderBy":"timestamp desc","pageSize":35}
[debug] [2026-03-07T19:08:11.774Z] <<< [apiv2][status] POST https://logging.googleapis.com/v2/entries:list 200
